Archive member included to satisfy reference by file (symbol)

libFreeRTOS.a(tasks.c.obj)    CMakeFiles/blink.dir/src/main.c.obj (xTaskCreate)
libFreeRTOS.a(timers.c.obj)   libFreeRTOS.a(tasks.c.obj) (xTimerCreateTimerTask)
libFreeRTOS.a(port.c.obj)     libFreeRTOS.a(tasks.c.obj) (pxPortInitialiseStack)
libFreeRTOS.a(heap_4.c.obj)   libFreeRTOS.a(tasks.c.obj) (pvPortMalloc)
libFreeRTOS.a(list.c.obj)     libFreeRTOS.a(tasks.c.obj) (vListInitialise)
libFreeRTOS.a(queue.c.obj)    libFreeRTOS.a(timers.c.obj) (xQueueGenericCreate)
/usr/lib/gcc/arm-none-eabi/9.2.1/thumb/v6-m/nofp/libgcc.a(_dvmd_tls.o)
                              CMakeFiles/blink.dir/home/user/pico-sdk/src/rp2_common/pico_divider/divider.S.obj (__aeabi_idiv0)
/usr/lib/gcc/arm-none-eabi/9.2.1/../../../arm-none-eabi/lib/thumb/v6-m/nofp/libc.a(lib_a-atexit.o)
                              /usr/lib/gcc/arm-none-eabi/9.2.1/../../../arm-none-eabi/lib/thumb/v6-m/nofp/crt0.o (atexit)
/usr/lib/gcc/arm-none-eabi/9.2.1/../../../arm-none-eabi/lib/thumb/v6-m/nofp/libc.a(lib_a-calloc.o)
                              CMakeFiles/blink.dir/home/user/pico-sdk/src/rp2_common/pico_malloc/pico_malloc.c.obj (calloc)
/usr/lib/gcc/arm-none-eabi/9.2.1/../../../arm-none-eabi/lib/thumb/v6-m/nofp/libc.a(lib_a-callocr.o)
                              /usr/lib/gcc/arm-none-eabi/9.2.1/../../../arm-none-eabi/lib/thumb/v6-m/nofp/libc.a(lib_a-calloc.o) (_calloc_r)
/usr/lib/gcc/arm-none-eabi/9.2.1/../../../arm-none-eabi/lib/thumb/v6-m/nofp/libc.a(lib_a-fini.o)
                              /usr/lib/gcc/arm-none-eabi/9.2.1/../../../arm-none-eabi/lib/thumb/v6-m/nofp/crt0.o (__libc_fini_array)
/usr/lib/gcc/arm-none-eabi/9.2.1/../../../arm-none-eabi/lib/thumb/v6-m/nofp/libc.a(lib_a-impure.o)
                              /usr/lib/gcc/arm-none-eabi/9.2.1/../../../arm-none-eabi/lib/thumb/v6-m/nofp/libc.a(lib_a-calloc.o) (_impure_ptr)
/usr/lib/gcc/arm-none-eabi/9.2.1/../../../arm-none-eabi/lib/thumb/v6-m/nofp/libc.a(lib_a-init.o)
                              /usr/lib/gcc/arm-none-eabi/9.2.1/../../../arm-none-eabi/lib/thumb/v6-m/nofp/crt0.o (__libc_init_array)
/usr/lib/gcc/arm-none-eabi/9.2.1/../../../arm-none-eabi/lib/thumb/v6-m/nofp/libc.a(lib_a-malloc.o)
                              CMakeFiles/blink.dir/home/user/pico-sdk/src/rp2_common/pico_malloc/pico_malloc.c.obj (malloc)
/usr/lib/gcc/arm-none-eabi/9.2.1/../../../arm-none-eabi/lib/thumb/v6-m/nofp/libc.a(lib_a-mallocr.o)
                              /usr/lib/gcc/arm-none-eabi/9.2.1/../../../arm-none-eabi/lib/thumb/v6-m/nofp/libc.a(lib_a-callocr.o) (_malloc_r)
/usr/lib/gcc/arm-none-eabi/9.2.1/../../../arm-none-eabi/lib/thumb/v6-m/nofp/libc.a(lib_a-mlock.o)
                              /usr/lib/gcc/arm-none-eabi/9.2.1/../../../arm-none-eabi/lib/thumb/v6-m/nofp/libc.a(lib_a-mallocr.o) (__malloc_lock)
/usr/lib/gcc/arm-none-eabi/9.2.1/../../../arm-none-eabi/lib/thumb/v6-m/nofp/libc.a(lib_a-sbrkr.o)
                              /usr/lib/gcc/arm-none-eabi/9.2.1/../../../arm-none-eabi/lib/thumb/v6-m/nofp/libc.a(lib_a-mallocr.o) (_sbrk_r)
/usr/lib/gcc/arm-none-eabi/9.2.1/../../../arm-none-eabi/lib/thumb/v6-m/nofp/libc.a(lib_a-strlen-stub.o)
                              CMakeFiles/blink.dir/home/user/pico-sdk/src/rp2_common/pico_stdio/stdio.c.obj (strlen)
/usr/lib/gcc/arm-none-eabi/9.2.1/../../../arm-none-eabi/lib/thumb/v6-m/nofp/libc.a(lib_a-__atexit.o)
                              /usr/lib/gcc/arm-none-eabi/9.2.1/../../../arm-none-eabi/lib/thumb/v6-m/nofp/libc.a(lib_a-atexit.o) (__register_exitproc)
/usr/lib/gcc/arm-none-eabi/9.2.1/../../../arm-none-eabi/lib/thumb/v6-m/nofp/libc.a(lib_a-freer.o)
                              /usr/lib/gcc/arm-none-eabi/9.2.1/../../../arm-none-eabi/lib/thumb/v6-m/nofp/libc.a(lib_a-malloc.o) (_free_r)
/usr/lib/gcc/arm-none-eabi/9.2.1/../../../arm-none-eabi/lib/thumb/v6-m/nofp/libc.a(lib_a-reent.o)
                              /usr/lib/gcc/arm-none-eabi/9.2.1/../../../arm-none-eabi/lib/thumb/v6-m/nofp/libc.a(lib_a-sbrkr.o) (errno)

Allocating common symbols
Common symbol       size              file

sf_table            0x100             CMakeFiles/blink.dir/home/user/pico-sdk/src/rp2_common/pico_float/float_init_rom.c.obj
errno               0x4               /usr/lib/gcc/arm-none-eabi/9.2.1/../../../arm-none-eabi/lib/thumb/v6-m/nofp/libc.a(lib_a-reent.o)
xQueueRegistry      0x50              libFreeRTOS.a(queue.c.obj)
sf_clz_func         0x4               CMakeFiles/blink.dir/home/user/pico-sdk/src/rp2_common/pico_float/float_init_rom.c.obj
sd_table            0x100             CMakeFiles/blink.dir/home/user/pico-sdk/src/rp2_common/pico_double/double_init_rom.c.obj
uart_char_to_line_feed
                    0x4               CMakeFiles/blink.dir/home/user/pico-sdk/src/rp2_common/hardware_uart/uart.c.obj

Discarded input sections

 .text          0x0000000000000000        0x0 /usr/lib/gcc/arm-none-eabi/9.2.1/thumb/v6-m/nofp/crti.o
[...]
Memory Configuration

Name             Origin             Length             Attributes
FLASH            0x0000000010000000 0x0000000000200000 xr
RAM              0x0000000020000000 0x0000000000040000 xrw
SCRATCH_X        0x0000000020040000 0x0000000000001000 xrw
SCRATCH_Y        0x0000000020041000 0x0000000000001000 xrw
*default*        0x0000000000000000 0xffffffffffffffff

Linker script and memory map

LOAD /usr/lib/gcc/arm-none-eabi/9.2.1/thumb/v6-m/nofp/crti.o
LOAD /usr/lib/gcc/arm-none-eabi/9.2.1/thumb/v6-m/nofp/crtbegin.o
LOAD /usr/lib/gcc/arm-none-eabi/9.2.1/../../../arm-none-eabi/lib/thumb/v6-m/nofp/crt0.o

.flash_begin    0x0000000010000000        0x0
                0x0000000010000000                __flash_binary_start = .

.boot2          0x0000000010000000      0x100
                0x0000000010000000                __boot2_start__ = .
 *(.boot2)
 .boot2         0x0000000010000000      0x100 /tmp/ccqHQPrN.o
                0x0000000010000100                __boot2_end__ = .
                0x0000000000000001                ASSERT (((__boot2_end__ - __boot2_start__) == 0x100), ERROR: Pico second stage bootloader must be 256 bytes in size)

.text           0x0000000010000100     0x4df0
                0x0000000010000100                __logical_binary_start = .
 *(.vectors)
 .vectors       0x0000000010000100       0xd4 CMakeFiles/blink.dir/home/user/pico-sdk/src/rp2_common/pico_standard_link/crt0.S.obj
                0x0000000010000100                __vectors
                0x00000000100001c0                isr_invalid
                0x00000000100001c2                isr_nmi
                0x00000000100001c4                isr_hardfault
                0x00000000100001cc                isr_irq30
                0x00000000100001cc                __unhandled_user_irq
                0x00000000100001cc                isr_irq13
                0x00000000100001cc                isr_irq27
                0x00000000100001cc                isr_irq31
                0x00000000100001cc                isr_irq5
                0x00000000100001cc                isr_irq11
                0x00000000100001cc                isr_irq23
                0x00000000100001cc                isr_irq18
                0x00000000100001cc                isr_irq28
                0x00000000100001cc                isr_irq19
                0x00000000100001cc                isr_irq0
                0x00000000100001cc                isr_irq6
                0x00000000100001cc                isr_irq22
                0x00000000100001cc                isr_irq17
                0x00000000100001cc                isr_irq14
                0x00000000100001cc                isr_irq2
                0x00000000100001cc                isr_irq10
                0x00000000100001cc                isr_irq8
                0x00000000100001cc                isr_irq24
                0x00000000100001cc                isr_irq1
                0x00000000100001cc                isr_irq7
                0x00000000100001cc                isr_irq21
                0x00000000100001cc                isr_irq20
                0x00000000100001cc                isr_irq15
                0x00000000100001cc                isr_irq25
                0x00000000100001cc                isr_irq4
                0x00000000100001cc                isr_irq16
                0x00000000100001cc                isr_irq29
                0x00000000100001cc                isr_irq26
                0x00000000100001cc                isr_irq3
                0x00000000100001cc                isr_irq12
                0x00000000100001cc                isr_irq9
                0x00000000100001d2                unhandled_user_irq_num_in_r0
 *(.binary_info_header)
 .binary_info_header
                0x00000000100001d4       0x14 CMakeFiles/blink.dir/home/user/pico-sdk/src/rp2_common/pico_standard_link/crt0.S.obj
                0x00000000100001e8                __binary_info_header_end = .
 *(.reset)
 .reset         0x00000000100001e8       0xa8 CMakeFiles/blink.dir/home/user/pico-sdk/src/rp2_common/pico_standard_link/crt0.S.obj
                0x00000000100001e8                _entry_point
                0x0000000010000266                __get_current_exception
 .reset         0x0000000010000290       0x30 CMakeFiles/blink.dir/home/user/pico-sdk/src/rp2_common/pico_standard_link/binary_info.c.obj
 *(.init)
 .init          0x00000000100002c0        0x4 /usr/lib/gcc/arm-none-eabi/9.2.1/thumb/v6-m/nofp/crti.o
                0x00000000100002c0                _init
 *(EXCLUDE_FILE(*libm.a: *libc.a:*lib_a-mem*.o *libgcc.a:) .text*)
 .text          0x00000000100002c4       0x98 /usr/lib/gcc/arm-none-eabi/9.2.1/thumb/v6-m/nofp/crtbegin.o
 .text.GreenLEDTask
                0x000000001000035c       0x20 CMakeFiles/blink.dir/src/main.c.obj
                0x000000001000035c                GreenLEDTask
 .text.startup.main
                0x000000001000037c       0x48 CMakeFiles/blink.dir/src/main.c.obj
                0x000000001000037c                main
 .text.gpio_set_function
                0x00000000100003c4       0x30 CMakeFiles/blink.dir/home/user/pico-sdk/src/rp2_common/hardware_gpio/gpio.c.obj
                0x00000000100003c4                gpio_set_function
 .text.gpio_init
                0x00000000100003f4       0x3c CMakeFiles/blink.dir/home/user/pico-sdk/src/rp2_common/hardware_gpio/gpio.c.obj
                0x00000000100003f4                gpio_init
 .text.hw_claim_or_assert
                0x0000000010000430       0x60 CMakeFiles/blink.dir/home/user/pico-sdk/src/rp2_common/hardware_claim/claim.c.obj
                0x0000000010000430                hw_claim_or_assert
 .text.spin_locks_reset
                0x0000000010000490       0x1c CMakeFiles/blink.dir/home/user/pico-sdk/src/rp2_common/hardware_sync/sync.c.obj
                0x0000000010000490                spin_locks_reset
 .text.next_striped_spin_lock_num
                0x00000000100004ac       0x18 CMakeFiles/blink.dir/home/user/pico-sdk/src/rp2_common/hardware_sync/sync.c.obj
                0x00000000100004ac                next_striped_spin_lock_num
 .text.running_on_fpga
                0x00000000100004c4       0x10 CMakeFiles/blink.dir/home/user/pico-sdk/src/rp2_common/pico_platform/platform.c.obj
                0x00000000100004c4                running_on_fpga
 .text.uart_init
                0x00000000100004d4       0xe4 CMakeFiles/blink.dir/home/user/pico-sdk/src/rp2_common/hardware_uart/uart.c.obj
                0x00000000100004d4                uart_init
 .text.timer_pool_entry_comparator
                0x00000000100005b8       0x34 CMakeFiles/blink.dir/home/user/pico-sdk/src/common/pico_time/time.c.obj
                0x00000000100005b8                timer_pool_entry_comparator
 .text.add_alarm_under_lock
                0x00000000100005ec      0x108 CMakeFiles/blink.dir/home/user/pico-sdk/src/common/pico_time/time.c.obj
 .text.alarm_pool_alarm_callback
                0x00000000100006f4      0x1c8 CMakeFiles/blink.dir/home/user/pico-sdk/src/common/pico_time/time.c.obj
 .text.alarm_pool_init_default
                0x00000000100008bc       0x58 CMakeFiles/blink.dir/home/user/pico-sdk/src/common/pico_time/time.c.obj
                0x00000000100008bc                alarm_pool_init_default
 .text.hardware_alarm_irq_handler
                0x0000000010000914       0xb8 CMakeFiles/blink.dir/home/user/pico-sdk/src/rp2_common/hardware_timer/timer.c.obj
 .text.hardware_alarm_claim
                0x00000000100009cc       0x18 CMakeFiles/blink.dir/home/user/pico-sdk/src/rp2_common/hardware_timer/timer.c.obj
                0x00000000100009cc                hardware_alarm_claim
 .text.time_us_64
                0x00000000100009e4       0x14 CMakeFiles/blink.dir/home/user/pico-sdk/src/rp2_common/hardware_timer/timer.c.obj
                0x00000000100009e4                time_us_64
 .text.hardware_alarm_set_callback
                0x00000000100009f8       0x8c CMakeFiles/blink.dir/home/user/pico-sdk/src/rp2_common/hardware_timer/timer.c.obj
                0x00000000100009f8                hardware_alarm_set_callback
 .text.hardware_alarm_set_target
                0x0000000010000a84       0xe4 CMakeFiles/blink.dir/home/user/pico-sdk/src/rp2_common/hardware_timer/timer.c.obj
                0x0000000010000a84                hardware_alarm_set_target
 .text.hardware_alarm_cancel
                0x0000000010000b68       0x40 CMakeFiles/blink.dir/home/user/pico-sdk/src/rp2_common/hardware_timer/timer.c.obj
                0x0000000010000b68                hardware_alarm_cancel
 .text.lock_init
                0x0000000010000ba8       0x10 CMakeFiles/blink.dir/home/user/pico-sdk/src/common/pico_sync/lock_core.c.obj
                0x0000000010000ba8                lock_init
 .text.mutex_init
                0x0000000010000bb8       0x1c CMakeFiles/blink.dir/home/user/pico-sdk/src/common/pico_sync/mutex.c.obj
                0x0000000010000bb8                mutex_init
 .text.ph_merge_nodes
                0x0000000010000bd4       0x68 CMakeFiles/blink.dir/home/user/pico-sdk/src/common/pico_util/pheap.c.obj
 .text.ph_post_alloc_init
                0x0000000010000c3c       0x3c CMakeFiles/blink.dir/home/user/pico-sdk/src/common/pico_util/pheap.c.obj
                0x0000000010000c3c                ph_post_alloc_init
 .text.ph_merge_two_pass
                0x0000000010000c78       0x90 CMakeFiles/blink.dir/home/user/pico-sdk/src/common/pico_util/pheap.c.obj
                0x0000000010000c78                ph_merge_two_pass
 .text.ph_remove_any_head
                0x0000000010000d08       0xf8 CMakeFiles/blink.dir/home/user/pico-sdk/src/common/pico_util/pheap.c.obj
 .text.ph_remove_head
                0x0000000010000e00      0x13c CMakeFiles/blink.dir/home/user/pico-sdk/src/common/pico_util/pheap.c.obj
                0x0000000010000e00                ph_remove_head
 .text.ph_remove_and_free_node
                0x0000000010000f3c       0x7c CMakeFiles/blink.dir/home/user/pico-sdk/src/common/pico_util/pheap.c.obj
                0x0000000010000f3c                ph_remove_and_free_node
 .text.runtime_init
                0x0000000010000fb8       0xec CMakeFiles/blink.dir/home/user/pico-sdk/src/rp2_common/pico_runtime/runtime.c.obj
                0x0000000010000fb8                runtime_init
 .text.exit     0x00000000100010a4        0x4 CMakeFiles/blink.dir/home/user/pico-sdk/src/rp2_common/pico_runtime/runtime.c.obj
                0x00000000100010a4                exit
 .text.panic    0x00000000100010a8       0x30 CMakeFiles/blink.dir/home/user/pico-sdk/src/rp2_common/pico_runtime/runtime.c.obj
                0x00000000100010a8                panic
 .text.hard_assertion_failure
                0x00000000100010d8        0xc CMakeFiles/blink.dir/home/user/pico-sdk/src/rp2_common/pico_runtime/runtime.c.obj
                0x00000000100010d8                hard_assertion_failure
 .text.clocks_init
                0x00000000100010e4      0x2e0 CMakeFiles/blink.dir/home/user/pico-sdk/src/rp2_common/hardware_clocks/clocks.c.obj
                0x00000000100010e4                clocks_init
 .text.clock_get_hz
                0x00000000100013c4        0xc CMakeFiles/blink.dir/home/user/pico-sdk/src/rp2_common/hardware_clocks/clocks.c.obj
                0x00000000100013c4                clock_get_hz
 .text.watchdog_start_tick
                0x00000000100013d0       0x10 CMakeFiles/blink.dir/home/user/pico-sdk/src/rp2_common/hardware_watchdog/watchdog.c.obj
                0x00000000100013d0                watchdog_start_tick
 .text.xosc_init
                0x00000000100013e0       0x28 CMakeFiles/blink.dir/home/user/pico-sdk/src/rp2_common/hardware_xosc/xosc.c.obj
                0x00000000100013e0                xosc_init
 .text.pll_init
                0x0000000010001408       0x54 CMakeFiles/blink.dir/home/user/pico-sdk/src/rp2_common/hardware_pll/pll.c.obj
                0x0000000010001408                pll_init
 .text.irq_set_enabled
                0x000000001000145c       0x24 CMakeFiles/blink.dir/home/user/pico-sdk/src/rp2_common/hardware_irq/irq.c.obj
                0x000000001000145c                irq_set_enabled
 .text.irq_get_vtable_handler
                0x0000000010001480       0x10 CMakeFiles/blink.dir/home/user/pico-sdk/src/rp2_common/hardware_irq/irq.c.obj
                0x0000000010001480                irq_get_vtable_handler
 .text.irq_set_exclusive_handler
                0x0000000010001490       0x54 CMakeFiles/blink.dir/home/user/pico-sdk/src/rp2_common/hardware_irq/irq.c.obj
                0x0000000010001490                irq_set_exclusive_handler
 .text.irq_remove_handler
                0x00000000100014e4      0x1b8 CMakeFiles/blink.dir/home/user/pico-sdk/src/rp2_common/hardware_irq/irq.c.obj
                0x00000000100014e4                irq_remove_handler
 .text.irq_add_tail_to_free_list
                0x000000001000169c       0xb8 CMakeFiles/blink.dir/home/user/pico-sdk/src/rp2_common/hardware_irq/irq.c.obj
                0x000000001000169c                irq_add_tail_to_free_list
 .text.irq_init_priorities
                0x0000000010001754       0x38 CMakeFiles/blink.dir/home/user/pico-sdk/src/rp2_common/hardware_irq/irq.c.obj
                0x0000000010001754                irq_init_priorities
 .text._out_char
                0x000000001000178c       0x10 CMakeFiles/blink.dir/home/user/pico-sdk/src/rp2_common/pico_printf/printf.c.obj
 .text.weak_raw_vprintf
                0x000000001000179c       0x30 CMakeFiles/blink.dir/home/user/pico-sdk/src/rp2_common/pico_printf/printf.c.obj
                0x000000001000179c                weak_raw_vprintf
 .text          0x00000000100017cc       0x10 CMakeFiles/blink.dir/home/user/pico-sdk/src/rp2_common/pico_bit_ops/bit_ops_aeabi.S.obj
 .text.rom_func_lookup
                0x00000000100017dc       0x10 CMakeFiles/blink.dir/home/user/pico-sdk/src/rp2_common/pico_bootrom/bootrom.c.obj
                0x00000000100017dc                rom_func_lookup
 .text.rom_data_lookup
                0x00000000100017ec       0x10 CMakeFiles/blink.dir/home/user/pico-sdk/src/rp2_common/pico_bootrom/bootrom.c.obj
                0x00000000100017ec                rom_data_lookup
 .text.rom_funcs_lookup
                0x00000000100017fc       0x3c CMakeFiles/blink.dir/home/user/pico-sdk/src/rp2_common/pico_bootrom/bootrom.c.obj
                0x00000000100017fc                rom_funcs_lookup
 .text.__wrap___aeabi_uidiv
                0x0000000010001838       0x54 CMakeFiles/blink.dir/home/user/pico-sdk/src/rp2_common/pico_divider/divider.S.obj
                0x0000000010001838                __wrap___aeabi_uidiv
                0x0000000010001838                __wrap___aeabi_uidivmod
                0x0000000010001838                div_u32u32
                0x0000000010001838                divmod_u32u32
                0x0000000010001840                divmod_u32u32_unsafe
                0x0000000010001868                divmod_u32u32_savestate
 .text.__aeabi_double_init
                0x000000001000188c       0xac CMakeFiles/blink.dir/home/user/pico-sdk/src/rp2_common/pico_double/double_init_rom.c.obj
                0x000000001000188c                __aeabi_double_init
 .text.double_table_shim_on_use_helper
                0x0000000010001938       0x2c CMakeFiles/blink.dir/home/user/pico-sdk/src/rp2_common/pico_double/double_v1_rom_shim.S.obj
                0x0000000010001938                double_table_shim_on_use_helper
 .text.__aeabi_float_init
                0x0000000010001964       0x64 CMakeFiles/blink.dir/home/user/pico-sdk/src/rp2_common/pico_float/float_init_rom.c.obj
                0x0000000010001964                __aeabi_float_init
 .text.float_table_shim_on_use_helper
                0x00000000100019c8       0x2c CMakeFiles/blink.dir/home/user/pico-sdk/src/rp2_common/pico_float/float_v1_rom_shim.S.obj
                0x00000000100019c8                float_table_shim_on_use_helper
 .text          0x00000000100019f4       0x10 CMakeFiles/blink.dir/home/user/pico-sdk/src/rp2_common/pico_mem_ops/mem_ops_aeabi.S.obj
                0x00000000100019f4                __aeabi_mem_init
 .text.memset   0x0000000010001a04        0xc CMakeFiles/blink.dir/home/user/pico-sdk/src/rp2_common/pico_mem_ops/mem_ops_aeabi.S.obj
                0x0000000010001a04                __wrap_memset
 .text.memcpy   0x0000000010001a10        0xc CMakeFiles/blink.dir/home/user/pico-sdk/src/rp2_common/pico_mem_ops/mem_ops_aeabi.S.obj
                0x0000000010001a10                __wrap___aeabi_memcpy
                0x0000000010001a10                __wrap_memcpy
 .text.stdio_out_chars_crlf.part.0
                0x0000000010001a1c       0x84 CMakeFiles/blink.dir/home/user/pico-sdk/src/rp2_common/pico_stdio/stdio.c.obj
 .text.stdio_put_string
                0x0000000010001aa0      0x100 CMakeFiles/blink.dir/home/user/pico-sdk/src/rp2_common/pico_stdio/stdio.c.obj
 .text.__wrap_putchar
                0x0000000010001ba0       0x1c CMakeFiles/blink.dir/home/user/pico-sdk/src/rp2_common/pico_stdio/stdio.c.obj
                0x0000000010001ba0                __wrap_putchar
 .text.__wrap_puts
                0x0000000010001bbc       0x3c CMakeFiles/blink.dir/home/user/pico-sdk/src/rp2_common/pico_stdio/stdio.c.obj
                0x0000000010001bbc                __wrap_puts
 .text.stdio_set_driver_enabled
                0x0000000010001bf8       0x3c CMakeFiles/blink.dir/home/user/pico-sdk/src/rp2_common/pico_stdio/stdio.c.obj
                0x0000000010001bf8                stdio_set_driver_enabled
 .text.stdio_init_all
                0x0000000010001c34        0x8 CMakeFiles/blink.dir/home/user/pico-sdk/src/rp2_common/pico_stdio/stdio.c.obj
                0x0000000010001c34                stdio_init_all
 .text.stdio_uart_out_chars
                0x0000000010001c3c       0x4c CMakeFiles/blink.dir/home/user/pico-sdk/src/rp2_common/pico_stdio_uart/stdio_uart.c.obj
 .text.stdio_uart_in_chars
                0x0000000010001c88       0x38 CMakeFiles/blink.dir/home/user/pico-sdk/src/rp2_common/pico_stdio_uart/stdio_uart.c.obj
                0x0000000010001c88                stdio_uart_in_chars
 .text.stdio_uart_init
                0x0000000010001cc0       0x48 CMakeFiles/blink.dir/home/user/pico-sdk/src/rp2_common/pico_stdio_uart/stdio_uart.c.obj
                0x0000000010001cc0                stdio_uart_init
 .text          0x0000000010001d08     0x15dc libFreeRTOS.a(tasks.c.obj)
                0x0000000010001efc                xTaskCreate
                0x000000001000216c                vTaskDelete
                0x00000000100021fc                uxTaskPriorityGet
                0x000000001000221c                uxTaskPriorityGetFromISR
                0x000000001000223c                vTaskPrioritySet
                0x00000000100022ec                vTaskSuspend
                0x000000001000241c                vTaskResume
                0x000000001000249c                xTaskResumeFromISR
                0x0000000010002548                vTaskStartScheduler
                0x00000000100026e4                vTaskEndScheduler
                0x00000000100026f8                vTaskSuspendAll
                0x0000000010002708                xTaskResumeAll
                0x000000001000283c                xTaskDelayUntil
                0x00000000100028c8                vTaskDelay
                0x0000000010002920                xTaskGetTickCount
                0x000000001000292c                xTaskGetTickCountFromISR
                0x0000000010002938                uxTaskGetNumberOfTasks
                0x0000000010002944                pcTaskGetName
                0x0000000010002958                xTaskCatchUpTicks
                0x0000000010002974                xTaskIncrementTick
                0x0000000010002994                vTaskSwitchContext
                0x0000000010002a24                vTaskPlaceOnEventList
                0x0000000010002aa0                vTaskPlaceOnUnorderedEventList
                0x0000000010002b44                vTaskPlaceOnEventListRestricted
                0x0000000010002be8                xTaskRemoveFromEventList
                0x0000000010002cb4                vTaskRemoveFromUnorderedEventList
                0x0000000010002d4c                vTaskSetTimeOutState
                0x0000000010002d70                vTaskInternalSetTimeOutState
                0x0000000010002d88                xTaskCheckForTimeOut
                0x0000000010002de4                vTaskMissedYield
                0x0000000010002df0                vTaskSetThreadLocalStoragePointer
                0x0000000010002e0c                pvTaskGetThreadLocalStoragePointer
                0x0000000010002e2c                xTaskGetCurrentTaskHandle
                0x0000000010002e38                xTaskGetSchedulerState
                0x0000000010002e50                uxTaskResetEventItemValue
                0x0000000010002e68                ulTaskGenericNotifyTake
                0x0000000010002ee4                xTaskGenericNotifyWait
                0x0000000010002f80                xTaskGenericNotify
                0x0000000010003068                xTaskGenericNotifyFromISR
                0x000000001000319c                vTaskGenericNotifyGiveFromISR
                0x0000000010003284                xTaskGenericNotifyStateClear
                0x00000000100032b4                ulTaskGenericNotifyValueClear
 .text          0x00000000100032e4      0x50c libFreeRTOS.a(timers.c.obj)
                0x00000000100035e8                xTimerCreateTimerTask
                0x0000000010003660                xTimerCreate
                0x0000000010003708                xTimerGenericCommand
                0x000000001000375c                xTimerGetTimerDaemonTaskHandle
                0x0000000010003768                xTimerGetPeriod
                0x000000001000376c                vTimerSetReloadMode
                0x0000000010003790                uxTimerGetReloadMode
                0x00000000100037a8                xTimerGetExpiryTime
                0x00000000100037ac                pcTimerGetName
                0x00000000100037b0                xTimerIsTimerActive
                0x00000000100037c8                pvTimerGetTimerID
                0x00000000100037dc                vTimerSetTimerID
 .text          0x00000000100037f0      0x194 libFreeRTOS.a(port.c.obj)
                0x0000000010003834                pxPortInitialiseStack
                0x0000000010003854                isr_svcall
                0x0000000010003858                vPortEndScheduler
                0x000000001000385c                vPortYield
                0x0000000010003874                vPortEnterCritical
                0x000000001000388c                vPortExitCritical
                0x00000000100038a0                ulSetInterruptMaskFromISR
                0x00000000100038a8                vClearInterruptMaskFromISR
                0x00000000100038b0                isr_pendsv
                0x00000000100038f4                isr_systick
                0x0000000010003918                vPortSetupTimerInterrupt
                0x0000000010003940                xPortStartScheduler
 .text          0x0000000010003984      0x258 libFreeRTOS.a(heap_4.c.obj)
                0x0000000010003984                pvPortMalloc
                0x0000000010003acc                vPortFree
                0x0000000010003b48                xPortGetFreeHeapSize
                0x0000000010003b54                xPortGetMinimumEverFreeHeapSize
                0x0000000010003b60                vPortInitialiseBlocks
                0x0000000010003b64                vPortGetHeapStats
 .text          0x0000000010003bdc       0x8c libFreeRTOS.a(list.c.obj)
                0x0000000010003bdc                vListInitialise
                0x0000000010003bf4                vListInitialiseItem
                0x0000000010003bfc                vListInsertEnd
                0x0000000010003c14                vListInsert
                0x0000000010003c44                uxListRemove
 .text          0x0000000010003c68     0x11dc libFreeRTOS.a(queue.c.obj)
                0x0000000010003c68                xQueueGenericReset
                0x0000000010003d08                xQueueGenericCreate
                0x0000000010003da0                xQueueGenericSend
                0x00000000100040c0                xQueueGenericSendFromISR
                0x00000000100041d0                xQueueGiveFromISR
                0x0000000010004224                xQueueReceive
                0x00000000100044cc                xQueueSemaphoreTake
                0x0000000010004750                xQueuePeek
                0x00000000100049ec                xQueueReceiveFromISR
                0x0000000010004a70                xQueuePeekFromISR
                0x0000000010004ab0                uxQueueMessagesWaiting
                0x0000000010004ac4                uxQueueSpacesAvailable
                0x0000000010004adc                uxQueueMessagesWaitingFromISR
                0x0000000010004ae0                vQueueDelete
                0x0000000010004b5c                xQueueIsQueueEmptyFromISR
                0x0000000010004b64                xQueueIsQueueFullFromISR
                0x0000000010004b70                vQueueAddToRegistry
                0x0000000010004c88                pcQueueGetName
                0x0000000010004cfc                vQueueUnregisterQueue
                0x0000000010004d74                vQueueWaitForMessageRestricted
 .text          0x0000000010004e44       0x68 /usr/lib/gcc/arm-none-eabi/9.2.1/../../../arm-none-eabi/lib/thumb/v6-m/nofp/libc.a(lib_a-strlen-stub.o)
                0x0000000010004e44                strlen
 *(.fini)
 .fini          0x0000000010004eac        0x4 /usr/lib/gcc/arm-none-eabi/9.2.1/thumb/v6-m/nofp/crti.o
                0x0000000010004eac                _fini
 .fini.__stub   0x0000000010004eb0       0x40 linker stubs
 *crtbegin.o(.ctors)
 *crtbegin?.o(.ctors)
 *(EXCLUDE_FILE(*crtend.o *crtend?.o) .ctors)
 *(SORT_BY_NAME(.ctors.*))
 *(.ctors)
 *crtbegin.o(.dtors)
 *crtbegin?.o(.dtors)
 *(EXCLUDE_FILE(*crtend.o *crtend?.o) .dtors)
 *(SORT_BY_NAME(.dtors.*))
 *(.dtors)
 *(.eh_frame*)
 .eh_frame      0x0000000010004ef0        0x0 /usr/lib/gcc/arm-none-eabi/9.2.1/thumb/v6-m/nofp/crtbegin.o
                0x0000000010004ef0                . = ALIGN (0x4)

.glue_7         0x0000000010004ef0        0x0
 .glue_7        0x0000000010004ef0        0x0 linker stubs

.glue_7t        0x0000000010004ef0        0x0
 .glue_7t       0x0000000010004ef0        0x0 linker stubs

.vfp11_veneer   0x0000000010004ef0        0x0
 .vfp11_veneer  0x0000000010004ef0        0x0 linker stubs

.v4_bx          0x0000000010004ef0        0x0
 .v4_bx         0x0000000010004ef0        0x0 linker stubs

.iplt           0x0000000010004ef0        0x0
 .iplt          0x0000000010004ef0        0x0 /usr/lib/gcc/arm-none-eabi/9.2.1/thumb/v6-m/nofp/crtbegin.o

.rodata         0x0000000010004ef0      0x12c
 *(EXCLUDE_FILE(*libm.a: *libc.a:*lib_a-mem*.o *libgcc.a:) .rodata*)
 .rodata.main.str1.4
                0x0000000010004ef0        0xa CMakeFiles/blink.dir/src/main.c.obj
 *fill*         0x0000000010004efa        0x2 
 .rodata.hardware_alarm_claim.str1.4
                0x0000000010004efc       0x22 CMakeFiles/blink.dir/home/user/pico-sdk/src/rp2_common/hardware_timer/timer.c.obj
 *fill*         0x0000000010004f1e        0x2 
 .rodata.panic.str1.4
                0x0000000010004f20       0x12 CMakeFiles/blink.dir/home/user/pico-sdk/src/rp2_common/pico_runtime/runtime.c.obj
 *fill*         0x0000000010004f32        0x2 
 .rodata.hard_assertion_failure.str1.4
                0x0000000010004f34        0xc CMakeFiles/blink.dir/home/user/pico-sdk/src/rp2_common/pico_runtime/runtime.c.obj
 .rodata.str1.4
                0x0000000010004f40       0x3c CMakeFiles/blink.dir/home/user/pico-sdk/src/rp2_common/pico_standard_link/binary_info.c.obj
 .rodata.__bi_44
                0x0000000010004f7c        0xc CMakeFiles/blink.dir/home/user/pico-sdk/src/rp2_common/pico_standard_link/binary_info.c.obj
 .rodata.__bi_75
                0x0000000010004f88        0xc CMakeFiles/blink.dir/home/user/pico-sdk/src/rp2_common/pico_standard_link/binary_info.c.obj
 .rodata.__bi_81
                0x0000000010004f94        0xc CMakeFiles/blink.dir/home/user/pico-sdk/src/rp2_common/pico_standard_link/binary_info.c.obj
 .rodata.crlf_str.5996
                0x0000000010004fa0        0x2 CMakeFiles/blink.dir/home/user/pico-sdk/src/rp2_common/pico_stdio/stdio.c.obj
 *fill*         0x0000000010004fa2        0x2 
 .rodata.str1.4
                0x0000000010004fa4       0x2c CMakeFiles/blink.dir/home/user/pico-sdk/src/rp2_common/pico_stdio_uart/stdio_uart.c.obj
 .rodata.__bi_28.4706
                0x0000000010004fd0        0xc CMakeFiles/blink.dir/home/user/pico-sdk/src/rp2_common/pico_stdio_uart/stdio_uart.c.obj
 .rodata.__bi_29.4710
                0x0000000010004fdc        0x8 CMakeFiles/blink.dir/home/user/pico-sdk/src/rp2_common/pico_stdio_uart/stdio_uart.c.obj
 .rodata        0x0000000010004fe4       0x28 libFreeRTOS.a(timers.c.obj)
 .rodata.str1.4
                0x000000001000500c       0x10 libFreeRTOS.a(timers.c.obj)
                0x000000001000501c                . = ALIGN (0x4)
 *(SORT_BY_ALIGNMENT(SORT_BY_NAME(.flashdata*)))
                0x000000001000501c                . = ALIGN (0x4)

.rel.dyn        0x000000001000501c        0x0
 .rel.iplt      0x000000001000501c        0x0 /usr/lib/gcc/arm-none-eabi/9.2.1/thumb/v6-m/nofp/crtbegin.o

.ARM.extab
 *(.ARM.extab* .gnu.linkonce.armextab.*)
                0x000000001000501c                __exidx_start = .

.ARM.exidx
 *(.ARM.exidx* .gnu.linkonce.armexidx.*)
                0x000000001000501c                __exidx_end = .
                0x000000001000501c                . = ALIGN (0x4)
                0x000000001000501c                __binary_info_start = .

.binary_info    0x000000001000501c       0x24
 *(.binary_info.keep.*)
 .binary_info.keep.__bi_ptr22
                0x000000001000501c        0x4 CMakeFiles/blink.dir/home/user/pico-sdk/src/rp2_common/pico_standard_link/binary_info.c.obj
 .binary_info.keep.__bi_ptr30
                0x0000000010005020        0x4 CMakeFiles/blink.dir/home/user/pico-sdk/src/rp2_common/pico_standard_link/binary_info.c.obj
 .binary_info.keep.__bi_ptr38
                0x0000000010005024        0x4 CMakeFiles/blink.dir/home/user/pico-sdk/src/rp2_common/pico_standard_link/binary_info.c.obj
 .binary_info.keep.__bi_ptr44
                0x0000000010005028        0x4 CMakeFiles/blink.dir/home/user/pico-sdk/src/rp2_common/pico_standard_link/binary_info.c.obj
 .binary_info.keep.__bi_ptr50
                0x000000001000502c        0x4 CMakeFiles/blink.dir/home/user/pico-sdk/src/rp2_common/pico_standard_link/binary_info.c.obj
 .binary_info.keep.__bi_ptr75
                0x0000000010005030        0x4 CMakeFiles/blink.dir/home/user/pico-sdk/src/rp2_common/pico_standard_link/binary_info.c.obj
 .binary_info.keep.__bi_ptr81
                0x0000000010005034        0x4 CMakeFiles/blink.dir/home/user/pico-sdk/src/rp2_common/pico_standard_link/binary_info.c.obj
 *(.binary_info.*)
 .binary_info.__bi_ptr28
                0x0000000010005038        0x4 CMakeFiles/blink.dir/home/user/pico-sdk/src/rp2_common/pico_stdio_uart/stdio_uart.c.obj
 .binary_info.__bi_ptr29
                0x000000001000503c        0x4 CMakeFiles/blink.dir/home/user/pico-sdk/src/rp2_common/pico_stdio_uart/stdio_uart.c.obj
                0x0000000010005040                __binary_info_end = .
                0x0000000010005040                . = ALIGN (0x4)
                0x0000000010005040                __etext = .

.ram_vector_table
                0x0000000020000000       0xc0
 *(.ram_vector_table)
 .ram_vector_table
                0x0000000020000000       0xc0 CMakeFiles/blink.dir/home/user/pico-sdk/src/rp2_common/pico_runtime/runtime.c.obj
                0x0000000020000000                ram_vector_table

.data           0x00000000200000c0      0x198 load address 0x0000000010005040
                0x00000000200000c0                __data_start__ = .
 *(vtable)
 *(.time_critical*)
 .time_critical.mutex_enter_blocking
                0x00000000200000c0       0x4c CMakeFiles/blink.dir/home/user/pico-sdk/src/common/pico_sync/mutex.c.obj
                0x00000000200000c0                mutex_enter_blocking
 .time_critical.mutex_try_enter
                0x000000002000010c       0x48 CMakeFiles/blink.dir/home/user/pico-sdk/src/common/pico_sync/mutex.c.obj
                0x000000002000010c                mutex_try_enter
 .time_critical.mutex_exit
                0x0000000020000154       0x28 CMakeFiles/blink.dir/home/user/pico-sdk/src/common/pico_sync/mutex.c.obj
                0x0000000020000154                mutex_exit
 *(.text*)
 .text          0x000000002000017c        0x4 /usr/lib/gcc/arm-none-eabi/9.2.1/thumb/v6-m/nofp/libgcc.a(_dvmd_tls.o)
                0x000000002000017c                __aeabi_ldiv0
                0x000000002000017c                __aeabi_idiv0
                0x0000000020000180                . = ALIGN (0x4)
 *(.rodata*)
                0x0000000020000180                . = ALIGN (0x4)
 *(.data*)
 .data.striped_spin_lock_num
                0x0000000020000180        0x1 CMakeFiles/blink.dir/home/user/pico-sdk/src/rp2_common/hardware_sync/sync.c.obj
 *fill*         0x0000000020000181        0x3 
 .data.default_alarm_pool
                0x0000000020000184       0x18 CMakeFiles/blink.dir/home/user/pico-sdk/src/common/pico_time/time.c.obj
 .data.default_alarm_pool_heap
                0x000000002000019c       0x10 CMakeFiles/blink.dir/home/user/pico-sdk/src/common/pico_time/time.c.obj
 .data          0x00000000200001ac       0x48 CMakeFiles/blink.dir/home/user/pico-sdk/src/rp2_common/hardware_irq/irq_handler_chain.S.obj
                0x00000000200001ac                irq_handler_chain_slots
                0x00000000200001dc                irq_handler_chain_first_slot
                0x00000000200001e6                irq_handler_chain_remove_tail
 *fill*         0x00000000200001f4        0xc 
 .data.aeabi_bits_funcs
                0x0000000020000200       0x10 CMakeFiles/blink.dir/home/user/pico-sdk/src/rp2_common/pico_bit_ops/bit_ops_aeabi.S.obj
                0x0000000020000200                aeabi_bits_funcs
                0x0000000020000210                aeabi_bits_funcs_end
 .data.aeabi_mem_funcs
                0x0000000020000210       0x10 CMakeFiles/blink.dir/home/user/pico-sdk/src/rp2_common/pico_mem_ops/mem_ops_aeabi.S.obj
                0x0000000020000210                aeabi_mem_funcs
                0x0000000020000220                aeabi_mem_funcs_end
 .data.stdio_uart
                0x0000000020000220       0x14 CMakeFiles/blink.dir/home/user/pico-sdk/src/rp2_common/pico_stdio_uart/stdio_uart.c.obj
                0x0000000020000220                stdio_uart
 .data          0x0000000020000234        0x4 libFreeRTOS.a(tasks.c.obj)
                0x0000000020000234                uxTopUsedPriority
 .data          0x0000000020000238        0x4 libFreeRTOS.a(port.c.obj)
                0x000000002000023c                . = ALIGN (0x4)
 *(.after_data.*)
                0x000000002000023c                . = ALIGN (0x4)
                0x000000002000023c                PROVIDE (__mutex_array_start = .)
 *(SORT_BY_NAME(.mutex_array.*))
 *(.mutex_array)
 .mutex_array   0x000000002000023c        0x8 CMakeFiles/blink.dir/home/user/pico-sdk/src/rp2_common/pico_stdio/stdio.c.obj
                0x0000000020000244                PROVIDE (__mutex_array_end = .)
                0x0000000020000244                . = ALIGN (0x4)
                0x0000000020000244                PROVIDE (__preinit_array_start = .)
 *(SORT_BY_NAME(.preinit_array.*))
 .preinit_array.00001
                0x0000000020000244        0x4 CMakeFiles/blink.dir/home/user/pico-sdk/src/rp2_common/pico_mem_ops/mem_ops_aeabi.S.obj
 .preinit_array.00010
                0x0000000020000248        0x4 CMakeFiles/blink.dir/home/user/pico-sdk/src/rp2_common/pico_bit_ops/bit_ops_aeabi.S.obj
 .preinit_array.00020
                0x000000002000024c        0x4 CMakeFiles/blink.dir/home/user/pico-sdk/src/rp2_common/pico_double/double_aeabi.S.obj
 .preinit_array.00020
                0x0000000020000250        0x4 CMakeFiles/blink.dir/home/user/pico-sdk/src/rp2_common/pico_float/float_aeabi.S.obj
 *(.preinit_array)
                0x0000000020000254                PROVIDE (__preinit_array_end = .)
                0x0000000020000254                . = ALIGN (0x4)
                0x0000000020000254                PROVIDE (__init_array_start = .)
 *(SORT_BY_NAME(.init_array.*))
 *(.init_array)
 .init_array    0x0000000020000254        0x4 /usr/lib/gcc/arm-none-eabi/9.2.1/thumb/v6-m/nofp/crtbegin.o
                0x0000000020000258                PROVIDE (__init_array_end = .)
                0x0000000020000258                . = ALIGN (0x4)
                0x0000000020000258                PROVIDE (__fini_array_start = .)
 *(SORT_BY_NAME(.fini_array.*))
 *(.fini_array)
                0x0000000020000258                PROVIDE (__fini_array_end = .)
 *(.jcr)
                0x0000000020000258                . = ALIGN (0x4)
                0x0000000020000258                __data_end__ = .

.tm_clone_table
                0x0000000020000258        0x0 load address 0x00000000100051d8
 .tm_clone_table
                0x0000000020000258        0x0 /usr/lib/gcc/arm-none-eabi/9.2.1/thumb/v6-m/nofp/crtbegin.o
 .tm_clone_table
                0x0000000020000258        0x0 /usr/lib/gcc/arm-none-eabi/9.2.1/thumb/v6-m/nofp/crtend.o

.igot.plt       0x0000000020000258        0x0 load address 0x00000000100051d8
 .igot.plt      0x0000000020000258        0x0 /usr/lib/gcc/arm-none-eabi/9.2.1/thumb/v6-m/nofp/crtbegin.o

.uninitialized_data
                0x0000000020000258        0x0 load address 0x00000000100051d8
                0x0000000020000258                . = ALIGN (0x4)
 *(.uninitialized_data*)

.scratch_x      0x0000000020040000        0x0 load address 0x00000000100051d8
                0x0000000020040000                __scratch_x_start__ = .
 *(.scratch_x.*)
                0x0000000020040000                . = ALIGN (0x4)
                0x0000000020040000                __scratch_x_end__ = .
                0x00000000100051d8                __scratch_x_source__ = LOADADDR (.scratch_x)

.scratch_y      0x0000000020041000        0x0 load address 0x00000000100051d8
                0x0000000020041000                __scratch_y_start__ = .
 *(.scratch_y.*)
                0x0000000020041000                . = ALIGN (0x4)
                0x0000000020041000                __scratch_y_end__ = .
                0x00000000100051d8                __scratch_y_source__ = LOADADDR (.scratch_y)

.bss            0x0000000020000258     0xc8bc
                0x0000000020000258                . = ALIGN (0x4)
                0x0000000020000258                __bss_start__ = .
 *(SORT_BY_ALIGNMENT(SORT_BY_NAME(.bss*)))
 .bss.default_alarm_pool_entries
                0x0000000020000258      0x100 CMakeFiles/blink.dir/home/user/pico-sdk/src/common/pico_time/time.c.obj
 .bss           0x0000000020000358       0x1c /usr/lib/gcc/arm-none-eabi/9.2.1/thumb/v6-m/nofp/crtbegin.o
 .bss           0x0000000020000374       0xf0 libFreeRTOS.a(tasks.c.obj)
                0x00000000200003e4                pxCurrentTCB
 .bss           0x0000000020000464       0x3c libFreeRTOS.a(timers.c.obj)
 .bss           0x00000000200004a0     0xc370 libFreeRTOS.a(heap_4.c.obj)
 .bss.alarm_callbacks
                0x000000002000c810       0x10 CMakeFiles/blink.dir/home/user/pico-sdk/src/rp2_common/hardware_timer/timer.c.obj
 .bss.configured_freq
                0x000000002000c820       0x28 CMakeFiles/blink.dir/home/user/pico-sdk/src/rp2_common/hardware_clocks/clocks.c.obj
 .bss.default_alarm_pool_entry_ids_high
                0x000000002000c848       0x10 CMakeFiles/blink.dir/home/user/pico-sdk/src/common/pico_time/time.c.obj
 .bss.default_alarm_pool_heap_nodes
                0x000000002000c858       0x30 CMakeFiles/blink.dir/home/user/pico-sdk/src/common/pico_time/time.c.obj
 .bss.drivers   0x000000002000c888        0x4 CMakeFiles/blink.dir/home/user/pico-sdk/src/rp2_common/pico_stdio/stdio.c.obj
 .bss.filter    0x000000002000c88c        0x4 CMakeFiles/blink.dir/home/user/pico-sdk/src/rp2_common/pico_stdio/stdio.c.obj
 .bss.lazy_vsnprintf
                0x000000002000c890        0x4 CMakeFiles/blink.dir/home/user/pico-sdk/src/rp2_common/pico_printf/printf.c.obj
 .bss.pools     0x000000002000c894       0x10 CMakeFiles/blink.dir/home/user/pico-sdk/src/common/pico_time/time.c.obj
 .bss.target_hi
                0x000000002000c8a4       0x10 CMakeFiles/blink.dir/home/user/pico-sdk/src/rp2_common/hardware_timer/timer.c.obj
 .bss.uart_instance
                0x000000002000c8b4        0x4 CMakeFiles/blink.dir/home/user/pico-sdk/src/rp2_common/pico_stdio_uart/stdio_uart.c.obj
 .bss.claimed   0x000000002000c8b8        0x1 CMakeFiles/blink.dir/home/user/pico-sdk/src/rp2_common/hardware_timer/timer.c.obj
 .bss.irq_hander_chain_free_slot_head
                0x000000002000c8b9        0x1 CMakeFiles/blink.dir/home/user/pico-sdk/src/rp2_common/hardware_irq/irq.c.obj
 .bss.timer_callbacks_pending
                0x000000002000c8ba        0x1 CMakeFiles/blink.dir/home/user/pico-sdk/src/rp2_common/hardware_timer/timer.c.obj
 *(COMMON)
 *fill*         0x000000002000c8bb        0x1 
 COMMON         0x000000002000c8bc        0x4 CMakeFiles/blink.dir/home/user/pico-sdk/src/rp2_common/hardware_uart/uart.c.obj
                0x000000002000c8bc                uart_char_to_line_feed
 COMMON         0x000000002000c8c0      0x100 CMakeFiles/blink.dir/home/user/pico-sdk/src/rp2_common/pico_double/double_init_rom.c.obj
                0x000000002000c8c0                sd_table
 COMMON         0x000000002000c9c0      0x104 CMakeFiles/blink.dir/home/user/pico-sdk/src/rp2_common/pico_float/float_init_rom.c.obj
                0x000000002000c9c0                sf_table
                0x000000002000cac0                sf_clz_func
 COMMON         0x000000002000cac4       0x50 libFreeRTOS.a(queue.c.obj)
                0x000000002000cac4                xQueueRegistry
                0x000000002000cb14                . = ALIGN (0x4)
                0x000000002000cb14                __bss_end__ = .

.heap           0x000000002000cb14      0x800
                0x000000002000cb14                __end__ = .
                0x000000002000cb14                end = __end__
 *(.heap*)
 .heap          0x000000002000cb14      0x800 CMakeFiles/blink.dir/home/user/pico-sdk/src/rp2_common/pico_standard_link/crt0.S.obj
                0x000000002000d314                __HeapLimit = .

.stack1_dummy   0x0000000020040000        0x0
 *(.stack1*)

.stack_dummy    0x0000000020041000      0x800
 *(.stack*)
 .stack         0x0000000020041000      0x800 CMakeFiles/blink.dir/home/user/pico-sdk/src/rp2_common/pico_standard_link/crt0.S.obj

.flash_end      0x00000000100051d8        0x0
                0x00000000100051d8                __flash_binary_end = .
                0x0000000020040000                __StackLimit = (ORIGIN (RAM) + LENGTH (RAM))
                0x0000000020041000                __StackOneTop = (ORIGIN (SCRATCH_X) + LENGTH (SCRATCH_X))
                0x0000000020042000                __StackTop = (ORIGIN (SCRATCH_Y) + LENGTH (SCRATCH_Y))
                0x0000000020041000                __StackOneBottom = (__StackOneTop - SIZEOF (.stack1_dummy))
                0x0000000020041800                __StackBottom = (__StackTop - SIZEOF (.stack_dummy))
                0x0000000020042000                PROVIDE (__stack = __StackTop)
                0x0000000000000001                ASSERT ((__StackLimit >= __HeapLimit), region RAM overflowed)
                0x0000000000000001                ASSERT (((__binary_info_header_end - __logical_binary_start) <= 0x100), Binary info must be in first 256 bytes of the binary)
LOAD CMakeFiles/blink.dir/src/main.c.obj
LOAD CMakeFiles/blink.dir/home/user/pico-sdk/src/rp2_common/pico_stdlib/stdlib.c.obj
LOAD CMakeFiles/blink.dir/home/user/pico-sdk/src/rp2_common/hardware_gpio/gpio.c.obj
LOAD CMakeFiles/blink.dir/home/user/pico-sdk/src/rp2_common/hardware_claim/claim.c.obj
LOAD CMakeFiles/blink.dir/home/user/pico-sdk/src/rp2_common/hardware_sync/sync.c.obj
LOAD CMakeFiles/blink.dir/home/user/pico-sdk/src/rp2_common/pico_platform/platform.c.obj
LOAD CMakeFiles/blink.dir/home/user/pico-sdk/src/rp2_common/hardware_uart/uart.c.obj
LOAD CMakeFiles/blink.dir/home/user/pico-sdk/src/rp2_common/hardware_divider/divider.S.obj
LOAD CMakeFiles/blink.dir/home/user/pico-sdk/src/common/pico_time/time.c.obj
LOAD CMakeFiles/blink.dir/home/user/pico-sdk/src/common/pico_time/timeout_helper.c.obj
LOAD CMakeFiles/blink.dir/home/user/pico-sdk/src/rp2_common/hardware_timer/timer.c.obj
LOAD CMakeFiles/blink.dir/home/user/pico-sdk/src/common/pico_sync/sem.c.obj
LOAD CMakeFiles/blink.dir/home/user/pico-sdk/src/common/pico_sync/lock_core.c.obj
LOAD CMakeFiles/blink.dir/home/user/pico-sdk/src/common/pico_sync/mutex.c.obj
LOAD CMakeFiles/blink.dir/home/user/pico-sdk/src/common/pico_sync/critical_section.c.obj
LOAD CMakeFiles/blink.dir/home/user/pico-sdk/src/common/pico_util/datetime.c.obj
LOAD CMakeFiles/blink.dir/home/user/pico-sdk/src/common/pico_util/pheap.c.obj
LOAD CMakeFiles/blink.dir/home/user/pico-sdk/src/common/pico_util/queue.c.obj
LOAD CMakeFiles/blink.dir/home/user/pico-sdk/src/rp2_common/pico_runtime/runtime.c.obj
LOAD CMakeFiles/blink.dir/home/user/pico-sdk/src/rp2_common/hardware_clocks/clocks.c.obj
LOAD CMakeFiles/blink.dir/home/user/pico-sdk/src/rp2_common/hardware_watchdog/watchdog.c.obj
LOAD CMakeFiles/blink.dir/home/user/pico-sdk/src/rp2_common/hardware_xosc/xosc.c.obj
LOAD CMakeFiles/blink.dir/home/user/pico-sdk/src/rp2_common/hardware_pll/pll.c.obj
LOAD CMakeFiles/blink.dir/home/user/pico-sdk/src/rp2_common/hardware_vreg/vreg.c.obj
LOAD CMakeFiles/blink.dir/home/user/pico-sdk/src/rp2_common/hardware_irq/irq.c.obj
LOAD CMakeFiles/blink.dir/home/user/pico-sdk/src/rp2_common/hardware_irq/irq_handler_chain.S.obj
LOAD CMakeFiles/blink.dir/home/user/pico-sdk/src/rp2_common/pico_printf/printf.c.obj
LOAD CMakeFiles/blink.dir/home/user/pico-sdk/src/rp2_common/pico_bit_ops/bit_ops_aeabi.S.obj
LOAD CMakeFiles/blink.dir/home/user/pico-sdk/src/rp2_common/pico_bootrom/bootrom.c.obj
LOAD CMakeFiles/blink.dir/home/user/pico-sdk/src/rp2_common/pico_divider/divider.S.obj
LOAD CMakeFiles/blink.dir/home/user/pico-sdk/src/rp2_common/pico_double/double_aeabi.S.obj
LOAD CMakeFiles/blink.dir/home/user/pico-sdk/src/rp2_common/pico_double/double_init_rom.c.obj
LOAD CMakeFiles/blink.dir/home/user/pico-sdk/src/rp2_common/pico_double/double_math.c.obj
LOAD CMakeFiles/blink.dir/home/user/pico-sdk/src/rp2_common/pico_double/double_v1_rom_shim.S.obj
LOAD CMakeFiles/blink.dir/home/user/pico-sdk/src/rp2_common/pico_int64_ops/pico_int64_ops_aeabi.S.obj
LOAD CMakeFiles/blink.dir/home/user/pico-sdk/src/rp2_common/pico_float/float_aeabi.S.obj
LOAD CMakeFiles/blink.dir/home/user/pico-sdk/src/rp2_common/pico_float/float_init_rom.c.obj
LOAD CMakeFiles/blink.dir/home/user/pico-sdk/src/rp2_common/pico_float/float_math.c.obj
LOAD CMakeFiles/blink.dir/home/user/pico-sdk/src/rp2_common/pico_float/float_v1_rom_shim.S.obj
LOAD CMakeFiles/blink.dir/home/user/pico-sdk/src/rp2_common/pico_malloc/pico_malloc.c.obj
LOAD CMakeFiles/blink.dir/home/user/pico-sdk/src/rp2_common/pico_mem_ops/mem_ops_aeabi.S.obj
LOAD CMakeFiles/blink.dir/home/user/pico-sdk/src/rp2_common/pico_standard_link/crt0.S.obj
LOAD CMakeFiles/blink.dir/home/user/pico-sdk/src/rp2_common/pico_standard_link/new_delete.cpp.obj
LOAD CMakeFiles/blink.dir/home/user/pico-sdk/src/rp2_common/pico_standard_link/binary_info.c.obj
LOAD CMakeFiles/blink.dir/home/user/pico-sdk/src/rp2_common/pico_stdio/stdio.c.obj
LOAD CMakeFiles/blink.dir/home/user/pico-sdk/src/rp2_common/pico_stdio_uart/stdio_uart.c.obj
LOAD libFreeRTOS.a
LOAD /tmp/ccqHQPrN.o
LOAD /usr/lib/gcc/arm-none-eabi/9.2.1/../../../arm-none-eabi/lib/thumb/v6-m/nofp/libstdc++.a
LOAD /usr/lib/gcc/arm-none-eabi/9.2.1/../../../arm-none-eabi/lib/thumb/v6-m/nofp/libm.a
START GROUP
LOAD /usr/lib/gcc/arm-none-eabi/9.2.1/thumb/v6-m/nofp/libgcc.a
LOAD /usr/lib/gcc/arm-none-eabi/9.2.1/../../../arm-none-eabi/lib/thumb/v6-m/nofp/libc.a
END GROUP
START GROUP
LOAD /usr/lib/gcc/arm-none-eabi/9.2.1/thumb/v6-m/nofp/libgcc.a
LOAD /usr/lib/gcc/arm-none-eabi/9.2.1/../../../arm-none-eabi/lib/thumb/v6-m/nofp/libc.a
LOAD /usr/lib/gcc/arm-none-eabi/9.2.1/../../../arm-none-eabi/lib/thumb/v6-m/nofp/libnosys.a
END GROUP
LOAD /usr/lib/gcc/arm-none-eabi/9.2.1/thumb/v6-m/nofp/crtend.o
LOAD /usr/lib/gcc/arm-none-eabi/9.2.1/thumb/v6-m/nofp/crtn.o
OUTPUT(blink.elf elf32-littlearm)
LOAD linker stubs

.ARM.attributes
                0x0000000000000000       0x28
 .ARM.attributes
                0x0000000000000000       0x1e /usr/lib/gcc/arm-none-eabi/9.2.1/thumb/v6-m/nofp/crti.o
 .ARM.attributes
                0x000000000000001e       0x2c /usr/lib/gcc/arm-none-eabi/9.2.1/thumb/v6-m/nofp/crtbegin.o
 .ARM.attributes
                0x000000000000004a       0x2c CMakeFiles/blink.dir/src/main.c.obj
 .ARM.attributes
                0x0000000000000076       0x2c CMakeFiles/blink.dir/home/user/pico-sdk/src/rp2_common/hardware_gpio/gpio.c.obj
 .ARM.attributes
                0x00000000000000a2       0x2c CMakeFiles/blink.dir/home/user/pico-sdk/src/rp2_common/hardware_claim/claim.c.obj
 .ARM.attributes
                0x00000000000000ce       0x2c CMakeFiles/blink.dir/home/user/pico-sdk/src/rp2_common/hardware_sync/sync.c.obj
 .ARM.attributes
                0x00000000000000fa       0x2c CMakeFiles/blink.dir/home/user/pico-sdk/src/rp2_common/pico_platform/platform.c.obj
 .ARM.attributes
                0x0000000000000126       0x2c CMakeFiles/blink.dir/home/user/pico-sdk/src/rp2_common/hardware_uart/uart.c.obj
 .ARM.attributes
                0x0000000000000152       0x2c CMakeFiles/blink.dir/home/user/pico-sdk/src/common/pico_time/time.c.obj
 .ARM.attributes
                0x000000000000017e       0x2c CMakeFiles/blink.dir/home/user/pico-sdk/src/rp2_common/hardware_timer/timer.c.obj
 .ARM.attributes
                0x00000000000001aa       0x2c CMakeFiles/blink.dir/home/user/pico-sdk/src/common/pico_sync/lock_core.c.obj
 .ARM.attributes
                0x00000000000001d6       0x2c CMakeFiles/blink.dir/home/user/pico-sdk/src/common/pico_sync/mutex.c.obj
 .ARM.attributes
                0x0000000000000202       0x2c CMakeFiles/blink.dir/home/user/pico-sdk/src/common/pico_util/pheap.c.obj
 .ARM.attributes
                0x000000000000022e       0x2c CMakeFiles/blink.dir/home/user/pico-sdk/src/rp2_common/pico_runtime/runtime.c.obj
 .ARM.attributes
                0x000000000000025a       0x2c CMakeFiles/blink.dir/home/user/pico-sdk/src/rp2_common/hardware_clocks/clocks.c.obj
 .ARM.attributes
                0x0000000000000286       0x2c CMakeFiles/blink.dir/home/user/pico-sdk/src/rp2_common/hardware_watchdog/watchdog.c.obj
 .ARM.attributes
                0x00000000000002b2       0x2c CMakeFiles/blink.dir/home/user/pico-sdk/src/rp2_common/hardware_xosc/xosc.c.obj
 .ARM.attributes
                0x00000000000002de       0x2c CMakeFiles/blink.dir/home/user/pico-sdk/src/rp2_common/hardware_pll/pll.c.obj
 .ARM.attributes
                0x000000000000030a       0x2c CMakeFiles/blink.dir/home/user/pico-sdk/src/rp2_common/hardware_irq/irq.c.obj
 .ARM.attributes
                0x0000000000000336       0x22 CMakeFiles/blink.dir/home/user/pico-sdk/src/rp2_common/hardware_irq/irq_handler_chain.S.obj
 .ARM.attributes
                0x0000000000000358       0x2c CMakeFiles/blink.dir/home/user/pico-sdk/src/rp2_common/pico_printf/printf.c.obj
 .ARM.attributes
                0x0000000000000384       0x22 CMakeFiles/blink.dir/home/user/pico-sdk/src/rp2_common/pico_bit_ops/bit_ops_aeabi.S.obj
 .ARM.attributes
                0x00000000000003a6       0x2c CMakeFiles/blink.dir/home/user/pico-sdk/src/rp2_common/pico_bootrom/bootrom.c.obj
 .ARM.attributes
                0x00000000000003d2       0x22 CMakeFiles/blink.dir/home/user/pico-sdk/src/rp2_common/pico_divider/divider.S.obj
 .ARM.attributes
                0x00000000000003f4       0x22 CMakeFiles/blink.dir/home/user/pico-sdk/src/rp2_common/pico_double/double_aeabi.S.obj
 .ARM.attributes
                0x0000000000000416       0x2c CMakeFiles/blink.dir/home/user/pico-sdk/src/rp2_common/pico_double/double_init_rom.c.obj
 .ARM.attributes
                0x0000000000000442       0x22 CMakeFiles/blink.dir/home/user/pico-sdk/src/rp2_common/pico_double/double_v1_rom_shim.S.obj
 .ARM.attributes
                0x0000000000000464       0x22 CMakeFiles/blink.dir/home/user/pico-sdk/src/rp2_common/pico_float/float_aeabi.S.obj
 .ARM.attributes
                0x0000000000000486       0x2c CMakeFiles/blink.dir/home/user/pico-sdk/src/rp2_common/pico_float/float_init_rom.c.obj
 .ARM.attributes
                0x00000000000004b2       0x22 CMakeFiles/blink.dir/home/user/pico-sdk/src/rp2_common/pico_float/float_v1_rom_shim.S.obj
 .ARM.attributes
                0x00000000000004d4       0x22 CMakeFiles/blink.dir/home/user/pico-sdk/src/rp2_common/pico_mem_ops/mem_ops_aeabi.S.obj
 .ARM.attributes
                0x00000000000004f6       0x22 CMakeFiles/blink.dir/home/user/pico-sdk/src/rp2_common/pico_standard_link/crt0.S.obj
 .ARM.attributes
                0x0000000000000518       0x32 CMakeFiles/blink.dir/home/user/pico-sdk/src/rp2_common/pico_standard_link/binary_info.c.obj
 .ARM.attributes
                0x000000000000054a       0x2c CMakeFiles/blink.dir/home/user/pico-sdk/src/rp2_common/pico_stdio/stdio.c.obj
 .ARM.attributes
                0x0000000000000576       0x2c CMakeFiles/blink.dir/home/user/pico-sdk/src/rp2_common/pico_stdio_uart/stdio_uart.c.obj
 .ARM.attributes
                0x00000000000005a2       0x2c libFreeRTOS.a(tasks.c.obj)
 .ARM.attributes
                0x00000000000005ce       0x2c libFreeRTOS.a(timers.c.obj)
 .ARM.attributes
                0x00000000000005fa       0x2c libFreeRTOS.a(port.c.obj)
 .ARM.attributes
                0x0000000000000626       0x2c libFreeRTOS.a(heap_4.c.obj)
 .ARM.attributes
                0x0000000000000652       0x2c libFreeRTOS.a(list.c.obj)
 .ARM.attributes
                0x000000000000067e       0x2c libFreeRTOS.a(queue.c.obj)
 .ARM.attributes
                0x00000000000006aa       0x22 /tmp/ccqHQPrN.o
 .ARM.attributes
                0x00000000000006cc       0x1e /usr/lib/gcc/arm-none-eabi/9.2.1/thumb/v6-m/nofp/libgcc.a(_dvmd_tls.o)
 .ARM.attributes
                0x00000000000006ea       0x2c /usr/lib/gcc/arm-none-eabi/9.2.1/../../../arm-none-eabi/lib/thumb/v6-m/nofp/libc.a(lib_a-strlen-stub.o)
 .ARM.attributes
                0x0000000000000716       0x2c /usr/lib/gcc/arm-none-eabi/9.2.1/thumb/v6-m/nofp/crtend.o

.comment        0x0000000000000000       0xa7
 .comment       0x0000000000000000       0x59 /usr/lib/gcc/arm-none-eabi/9.2.1/thumb/v6-m/nofp/crtbegin.o
                                         0x5a (size before relaxing)
 .comment       0x0000000000000059       0x5a CMakeFiles/blink.dir/src/main.c.obj
 .comment       0x0000000000000059       0x5a CMakeFiles/blink.dir/home/user/pico-sdk/src/rp2_common/hardware_gpio/gpio.c.obj
 .comment       0x0000000000000059       0x5a CMakeFiles/blink.dir/home/user/pico-sdk/src/rp2_common/hardware_claim/claim.c.obj
 .comment       0x0000000000000059       0x5a CMakeFiles/blink.dir/home/user/pico-sdk/src/rp2_common/hardware_sync/sync.c.obj
 .comment       0x0000000000000059       0x5a CMakeFiles/blink.dir/home/user/pico-sdk/src/rp2_common/pico_platform/platform.c.obj
 .comment       0x0000000000000059       0x5a CMakeFiles/blink.dir/home/user/pico-sdk/src/rp2_common/hardware_uart/uart.c.obj
 .comment       0x0000000000000059       0x5a CMakeFiles/blink.dir/home/user/pico-sdk/src/common/pico_time/time.c.obj
 .comment       0x0000000000000059       0x5a CMakeFiles/blink.dir/home/user/pico-sdk/src/rp2_common/hardware_timer/timer.c.obj
 .comment       0x0000000000000059       0x5a CMakeFiles/blink.dir/home/user/pico-sdk/src/common/pico_sync/lock_core.c.obj
 .comment       0x0000000000000059       0x5a CMakeFiles/blink.dir/home/user/pico-sdk/src/common/pico_sync/mutex.c.obj
 .comment       0x0000000000000059       0x5a CMakeFiles/blink.dir/home/user/pico-sdk/src/common/pico_util/pheap.c.obj
 .comment       0x0000000000000059       0x5a CMakeFiles/blink.dir/home/user/pico-sdk/src/rp2_common/pico_runtime/runtime.c.obj
 .comment       0x0000000000000059       0x5a CMakeFiles/blink.dir/home/user/pico-sdk/src/rp2_common/hardware_clocks/clocks.c.obj
 .comment       0x0000000000000059       0x5a CMakeFiles/blink.dir/home/user/pico-sdk/src/rp2_common/hardware_watchdog/watchdog.c.obj
 .comment       0x0000000000000059       0x5a CMakeFiles/blink.dir/home/user/pico-sdk/src/rp2_common/hardware_xosc/xosc.c.obj
 .comment       0x0000000000000059       0x5a CMakeFiles/blink.dir/home/user/pico-sdk/src/rp2_common/hardware_pll/pll.c.obj
 .comment       0x0000000000000059       0x5a CMakeFiles/blink.dir/home/user/pico-sdk/src/rp2_common/hardware_irq/irq.c.obj
 .comment       0x0000000000000059       0x5a CMakeFiles/blink.dir/home/user/pico-sdk/src/rp2_common/pico_printf/printf.c.obj
 .comment       0x0000000000000059       0x5a CMakeFiles/blink.dir/home/user/pico-sdk/src/rp2_common/pico_bootrom/bootrom.c.obj
 .comment       0x0000000000000059       0x5a CMakeFiles/blink.dir/home/user/pico-sdk/src/rp2_common/pico_double/double_init_rom.c.obj
 .comment       0x0000000000000059       0x5a CMakeFiles/blink.dir/home/user/pico-sdk/src/rp2_common/pico_float/float_init_rom.c.obj
 .comment       0x0000000000000059       0x5a CMakeFiles/blink.dir/home/user/pico-sdk/src/rp2_common/pico_standard_link/binary_info.c.obj
 .comment       0x0000000000000059       0x5a CMakeFiles/blink.dir/home/user/pico-sdk/src/rp2_common/pico_stdio/stdio.c.obj
 .comment       0x0000000000000059       0x5a CMakeFiles/blink.dir/home/user/pico-sdk/src/rp2_common/pico_stdio_uart/stdio_uart.c.obj
 .comment       0x0000000000000059       0x5a libFreeRTOS.a(tasks.c.obj)
 .comment       0x0000000000000059       0x5a libFreeRTOS.a(timers.c.obj)
 .comment       0x0000000000000059       0x5a libFreeRTOS.a(port.c.obj)
 .comment       0x0000000000000059       0x5a libFreeRTOS.a(heap_4.c.obj)
 .comment       0x0000000000000059       0x5a libFreeRTOS.a(list.c.obj)
 .comment       0x0000000000000059       0x5a libFreeRTOS.a(queue.c.obj)
 .comment       0x0000000000000059       0x4e /usr/lib/gcc/arm-none-eabi/9.2.1/../../../arm-none-eabi/lib/thumb/v6-m/nofp/libc.a(lib_a-strlen-stub.o)
                                         0x4f (size before relaxing)
 .comment       0x00000000000000a7       0x5a /usr/lib/gcc/arm-none-eabi/9.2.1/thumb/v6-m/nofp/crtend.o

.debug_line     0x0000000000000000      0x222
 .debug_line    0x0000000000000000       0x60 /usr/lib/gcc/arm-none-eabi/9.2.1/thumb/v6-m/nofp/libgcc.a(_dvmd_tls.o)
 .debug_line    0x0000000000000060      0x1c2 /usr/lib/gcc/arm-none-eabi/9.2.1/../../../arm-none-eabi/lib/thumb/v6-m/nofp/libc.a(lib_a-strlen-stub.o)

.debug_info     0x0000000000000000      0x999
 .debug_info    0x0000000000000000       0x26 /usr/lib/gcc/arm-none-eabi/9.2.1/thumb/v6-m/nofp/libgcc.a(_dvmd_tls.o)
 .debug_info    0x0000000000000026      0x973 /usr/lib/gcc/arm-none-eabi/9.2.1/../../../arm-none-eabi/lib/thumb/v6-m/nofp/libc.a(lib_a-strlen-stub.o)

.debug_abbrev   0x0000000000000000      0x1fc
 .debug_abbrev  0x0000000000000000       0x14 /usr/lib/gcc/arm-none-eabi/9.2.1/thumb/v6-m/nofp/libgcc.a(_dvmd_tls.o)
 .debug_abbrev  0x0000000000000014      0x1e8 /usr/lib/gcc/arm-none-eabi/9.2.1/../../../arm-none-eabi/lib/thumb/v6-m/nofp/libc.a(lib_a-strlen-stub.o)

.debug_aranges  0x0000000000000000       0x40
 .debug_aranges
                0x0000000000000000       0x20 /usr/lib/gcc/arm-none-eabi/9.2.1/thumb/v6-m/nofp/libgcc.a(_dvmd_tls.o)
 .debug_aranges
                0x0000000000000020       0x20 /usr/lib/gcc/arm-none-eabi/9.2.1/../../../arm-none-eabi/lib/thumb/v6-m/nofp/libc.a(lib_a-strlen-stub.o)

.debug_str      0x0000000000000000      0x613
 .debug_str     0x0000000000000000       0xa3 /usr/lib/gcc/arm-none-eabi/9.2.1/thumb/v6-m/nofp/libgcc.a(_dvmd_tls.o)
 .debug_str     0x00000000000000a3      0x570 /usr/lib/gcc/arm-none-eabi/9.2.1/../../../arm-none-eabi/lib/thumb/v6-m/nofp/libc.a(lib_a-strlen-stub.o)
                                        0x5c2 (size before relaxing)

.debug_loc      0x0000000000000000       0xa3
 .debug_loc     0x0000000000000000       0xa3 /usr/lib/gcc/arm-none-eabi/9.2.1/../../../arm-none-eabi/lib/thumb/v6-m/nofp/libc.a(lib_a-strlen-stub.o)

.debug_frame    0x0000000000000000       0x28
 .debug_frame   0x0000000000000000       0x28 /usr/lib/gcc/arm-none-eabi/9.2.1/../../../arm-none-eabi/lib/thumb/v6-m/nofp/libc.a(lib_a-strlen-stub.o)
